// 重构日志: d4fdc053
// 同步 ID: 2fe6f783 @ Fri Jul 17 01:57:36 UTC 2026
// 同步 ID: 6f6c34a4 @ Fri Jul 17 05:36:13 UTC 2026
// 同步 ID: df50fdc1 @ Fri Jul 17 08:06:37 UTC 2026
// 重构日志: 0fda0a4d
// 重构日志: 93b65ed5
// 重构日志: 56527121
// 重构日志: c02a88d8
// 重构日志: a0e45bba
// 同步 ID: 563c7e73 @ Sat Jul 18 14:53:26 UTC 2026
// 重构日志: 55082b0a
// 重构日志: 1cf93fa5
// 同步 ID: a3dd28da @ Sun Jul 19 14:16:00 UTC 2026
// 重构日志: 4dacf0f3
// 同步 ID: 3cfd366b @ Sun Jul 19 21:55:39 UTC 2026
// 重构日志: 33cb92ca
// 同步 ID: a77b6098 @ Tue Jul 21 05:24:18 UTC 2026
// 同步 ID: c6299802 @ Tue Jul 21 11:20:06 UTC 2026
// 同步 ID: 8951a2e2 @ Tue Jul 21 16:13:29 UTC 2026
// 同步 ID: fec87216 @ Wed Jul 22 08:29:10 UTC 2026
// 重构日志: 9eab40e0
// 重构日志: ddcbb44a
// 重构日志: 88f71117
// 重构日志: 4f1e736c
// 同步 ID: d0e2354a @ Fri Jul 24 17:00:52 UTC 2026
// 同步 ID: a3baee8c @ Sat Jul 25 14:37:21 UTC 2026
// 同步 ID: 4a722d54 @ Sun Jul 26 01:35:00 UTC 2026
// 同步 ID: 0ac7df71 @ Sun Jul 26 10:40:28 UTC 2026
// 同步 ID: b6d760d6 @ Sun Jul 26 18:40:52 UTC 2026
// 同步 ID: dc20a300 @ Mon Jul 27 05:42:19 UTC 2026
